{
  "data": {
    "startData": {},
    "resultData": {
      "runData": {
        "When clicking \"Test workflow\"": [
          {
            "startTime": "DYNAMIC",
            "executionIndex": 0,
            "source": [],
            "hints": [],
            "executionTime": "DYNAMIC",
            "executionStatus": "success",
            "data": {
              "main": [
                [
                  {
                    "json": {},
                    "pairedItem": {
                      "item": 0
                    }
                  }
                ]
              ]
            }
          }
        ],
        "AWS Bedrock Chat Model": [
          {
            "startTime": "DYNAMIC",
            "executionTime": "DYNAMIC",
            "executionIndex": 2,
            "executionStatus": "success",
            "source": [
              {
                "previousNode": "AWS Bedrock Chat",
                "previousNodeRun": 0
              }
            ],
            "data": {
              "ai_languageModel": [
                [
                  {
                    "json": {
                      "response": {
                        "generations": [
                          [
                            {
                              "text": "The answer to the equation 1+1 is 2."
                            }
                          ]
                        ]
                      },
                      "tokenUsageEstimate": {
                        "completionTokens": 13,
                        "promptTokens": 20,
                        "totalTokens": 33
                      }
                    }
                  }
                ]
              ]
            },
            "inputOverride": {
              "ai_languageModel": [
                [
                  {
                    "json": {
                      "messages": [
                        "Human: How much is 1+1? Only provide the numerical answer without any other text.\n"
                      ],
                      "estimatedTokens": 20,
                      "options": {
                        "lc": 1,
                        "type": "not_implemented",
                        "id": [
                          "langchain",
                          "chat_models",
                          "chat_bedrock_converse",
                          "ChatBedrockConverse"
                        ]
                      }
                    }
                  }
                ]
              ]
            },
            "metadata": {
              "subRun": [
                {
                  "node": "AWS Bedrock Chat Model",
                  "runIndex": 0
                }
              ]
            }
          }
        ],
        "AWS Bedrock Chat": [
          {
            "startTime": "DYNAMIC",
            "executionIndex": 1,
            "source": [
              {
                "previousNode": "When clicking \"Test workflow\""
              }
            ],
            "hints": [],
            "executionTime": "DYNAMIC",
            "executionStatus": "success",
            "data": {
              "main": [
                [
                  {
                    "json": {
                      "text": "The answer to the equation 1+1 is 2."
                    },
                    "pairedItem": {
                      "item": 0
                    }
                  }
                ]
              ]
            }
          }
        ]
      },
      "lastNodeExecuted": "AWS Bedrock Chat"
    },
    "executionData": {
      "contextData": {},
      "nodeExecutionStack": [],
      "metadata": {
        "AWS Bedrock Chat Model": [
          {
            "subRun": [
              {
                "node": "AWS Bedrock Chat Model",
                "runIndex": 0
              }
            ]
          }
        ]
      },
      "waitingExecution": {},
      "waitingExecutionSource": {}
    }
  },
  "mode": "cli",
  "startedAt": "DYNAMIC",
  "stoppedAt": "DYNAMIC",
  "status": "running",
  "finished": true
}