{
  "data": {
    "startData": {},
    "resultData": {
      "runData": {
        "When clicking \"Test workflow\"": [
          {
            "startTime": "DYNAMIC",
            "executionIndex": 0,
            "source": [],
            "hints": [],
            "executionTime": "DYNAMIC",
            "executionStatus": "success",
            "data": {
              "main": [
                [
                  {
                    "json": {},
                    "pairedItem": {
                      "item": 0
                    }
                  }
                ]
              ]
            }
          }
        ],
        "Mistral Cloud Chat Model": [
          {
            "startTime": "DYNAMIC",
            "executionTime": "DYNAMIC",
            "executionIndex": 2,
            "executionStatus": "success",
            "source": [
              {
                "previousNode": "Mistral Cloud Chat",
                "previousNodeRun": 0
              }
            ],
            "data": {
              "ai_languageModel": [
                [
                  {
                    "json": {
                      "response": {
                        "generations": [
                          [
                            {
                              "text": "2",
                              "generationInfo": {
                                "finishReason": "stop"
                              }
                            }
                          ]
                        ]
                      },
                      "tokenUsage": {
                        "completionTokens": 3,
                        "promptTokens": 22,
                        "totalTokens": 25
                      }
                    }
                  }
                ]
              ]
            },
            "inputOverride": {
              "ai_languageModel": [
                [
                  {
                    "json": {
                      "messages": [
                        "Human: How much is 1+1? Only provide the numerical answer without any other text.\n"
                      ],
                      "estimatedTokens": 20,
                      "options": {
                        "mistral_api_key": {
                          "lc": 1,
                          "type": "secret",
                          "id": [
                            "MISTRAL_API_KEY"
                          ]
                        },
                        "model": "mistral-tiny",
                        "temperature": 0
                      }
                    }
                  }
                ]
              ]
            },
            "metadata": {
              "subRun": [
                {
                  "node": "Mistral Cloud Chat Model",
                  "runIndex": 0
                }
              ]
            }
          }
        ],
        "Mistral Cloud Chat": [
          {
            "startTime": "DYNAMIC",
            "executionIndex": 1,
            "source": [
              {
                "previousNode": "When clicking \"Test workflow\""
              }
            ],
            "hints": [],
            "executionTime": "DYNAMIC",
            "executionStatus": "success",
            "data": {
              "main": [
                [
                  {
                    "json": {
                      "text": "2"
                    },
                    "pairedItem": {
                      "item": 0
                    }
                  }
                ]
              ]
            }
          }
        ]
      },
      "lastNodeExecuted": "Mistral Cloud Chat"
    },
    "executionData": {
      "contextData": {},
      "nodeExecutionStack": [],
      "metadata": {
        "Mistral Cloud Chat Model": [
          {
            "subRun": [
              {
                "node": "Mistral Cloud Chat Model",
                "runIndex": 0
              }
            ]
          }
        ]
      },
      "waitingExecution": {},
      "waitingExecutionSource": {}
    }
  },
  "mode": "cli",
  "startedAt": "DYNAMIC",
  "stoppedAt": "DYNAMIC",
  "status": "running",
  "finished": true
}