{
  "data": {
    "startData": {},
    "resultData": {
      "runData": {
        "Start": [
          {
            "startTime": "DYNAMIC",
            "executionIndex": 0,
            "source": [],
            "hints": [],
            "executionTime": "DYNAMIC",
            "executionStatus": "success",
            "data": {
              "main": [
                [
                  {
                    "json": {},
                    "pairedItem": {
                      "item": 0
                    }
                  }
                ]
              ]
            }
          }
        ],
        "AWS Lambda": [
          {
            "startTime": "DYNAMIC",
            "executionIndex": 1,
            "source": [
              {
                "previousNode": "Start"
              }
            ],
            "hints": [],
            "executionTime": "DYNAMIC",
            "executionStatus": "success",
            "data": {
              "main": [
                [
                  {
                    "json": {
                      "result": "Hello world!, this is n8n"
                    },
                    "pairedItem": {
                      "item": 0
                    }
                  }
                ]
              ]
            }
          }
        ],
        "AWS Lambda1": [
          {
            "startTime": "DYNAMIC",
            "executionIndex": 2,
            "source": [
              {
                "previousNode": "Start"
              }
            ],
            "hints": [],
            "executionTime": "DYNAMIC",
            "executionStatus": "success",
            "data": {
              "main": [
                [
                  {
                    "json": {
                      "result": "Hello world!, this is nodeqa"
                    },
                    "pairedItem": {
                      "item": 0
                    }
                  }
                ]
              ]
            }
          }
        ]
      },
      "lastNodeExecuted": "AWS Lambda1"
    },
    "executionData": {
      "contextData": {},
      "nodeExecutionStack": [],
      "metadata": {},
      "waitingExecution": {},
      "waitingExecutionSource": {}
    }
  },
  "mode": "cli",
  "startedAt": "DYNAMIC",
  "stoppedAt": "DYNAMIC",
  "status": "running",
  "finished": true
}