{
  "data": {
    "startData": {},
    "resultData": {
      "runData": {
        "Start": [
          {
            "startTime": "DYNAMIC",
            "executionIndex": 0,
            "source": [],
            "hints": [],
            "executionTime": "DYNAMIC",
            "executionStatus": "success",
            "data": {
              "main": [
                [
                  {
                    "json": {},
                    "pairedItem": {
                      "item": 0
                    }
                  }
                ]
              ]
            }
          }
        ],
        "Segment": [
          {
            "startTime": "DYNAMIC",
            "executionIndex": 1,
            "source": [
              {
                "previousNode": "Start"
              }
            ],
            "hints": [],
            "executionTime": "DYNAMIC",
            "executionStatus": "success",
            "data": {
              "main": [
                [
                  {
                    "json": {
                      "success": true
                    },
                    "pairedItem": {
                      "item": 0
                    }
                  }
                ]
              ]
            }
          }
        ],
        "Segment1": [
          {
            "startTime": "DYNAMIC",
            "executionIndex": 2,
            "source": [
              {
                "previousNode": "Start"
              }
            ],
            "hints": [],
            "executionTime": "DYNAMIC",
            "executionStatus": "success",
            "data": {
              "main": [
                [
                  {
                    "json": {
                      "success": true
                    },
                    "pairedItem": {
                      "item": 0
                    }
                  }
                ]
              ]
            }
          }
        ],
        "Segment3": [
          {
            "startTime": "DYNAMIC",
            "executionIndex": 3,
            "source": [
              {
                "previousNode": "Start"
              }
            ],
            "hints": [],
            "executionTime": "DYNAMIC",
            "executionStatus": "success",
            "data": {
              "main": [
                [
                  {
                    "json": {
                      "success": true
                    },
                    "pairedItem": {
                      "item": 0
                    }
                  }
                ]
              ]
            }
          }
        ],
        "Segment2": [
          {
            "startTime": "DYNAMIC",
            "executionIndex": 4,
            "source": [
              {
                "previousNode": "Segment1"
              }
            ],
            "hints": [],
            "executionTime": "DYNAMIC",
            "executionStatus": "success",
            "data": {
              "main": [
                [
                  {
                    "json": {
                      "success": true
                    },
                    "pairedItem": {
                      "item": 0
                    }
                  }
                ]
              ]
            }
          }
        ]
      },
      "lastNodeExecuted": "Segment2"
    },
    "executionData": {
      "contextData": {},
      "nodeExecutionStack": [],
      "metadata": {},
      "waitingExecution": {},
      "waitingExecutionSource": {}
    }
  },
  "mode": "cli",
  "startedAt": "DYNAMIC",
  "stoppedAt": "DYNAMIC",
  "status": "running",
  "finished": true
}